1 2 3 4 5 6 7 8 9 10 11 12 13 14 15 16 17 18 19 20 21 22 23 24 25 26 27 28 29 30 31 32 33 34 35 36 37 38 39 40 41 42 43 44 45 46 47 48 49 50 51 52 53 54 55 56 57 58 59 60 61 62 63 64 65 66 67 68 69 70 71 72 73 74 75 76 77 78 79 

adresy: 79, zbadane: 79, nieudane: 0, reflow>320: 10
axe @320px: {"color-contrast":17}
/oferta/avatr-06-2025-448157/ | color-contrast ×1 | .aa-mcta--wa | Element has insufficient color contrast of 1.98 (foreground color: #ffffff, background color: #25d36
/oferta/byd-leopard-8-denza-b8-2024-435956/ | color-contrast ×1 | .aa-mcta--wa | Element has insufficient color contrast of 1.98 (foreground color: #ffffff, background color: #25d36
/oferta/byd-song-l-ev-2025-423299/ | color-contrast ×1 | .aa-mcta--wa | Element has insufficient color contrast of 1.98 (foreground color: #ffffff, background color: #25d36
/oferta/denza-denza-n8l-dm-2025-262252/ | color-contrast ×1 | .aa-mcta--wa | Element has insufficient color contrast of 1.98 (foreground color: #ffffff, background color: #25d36
/oferta/gac-aion-hyper-hyper-ssr-2024-285401/ | color-contrast ×1 | .aa-mcta--wa | Element has insufficient color contrast of 1.98 (foreground color: #ffffff, background color: #25d36
/oferta/geely-atlas-pro-2024-305174/ | color-contrast ×1 | .aa-mcta--wa | Element has insufficient color contrast of 1.98 (foreground color: #ffffff, background color: #25d36
/oferta/geely-monjaro-2025-401904/ | color-contrast ×1 | .aa-mcta--wa | Element has insufficient color contrast of 1.98 (foreground color: #ffffff, background color: #25d36
/oferta/hongqi-hs5-2024-413330/ | color-contrast ×1 | .aa-mcta--wa | Element has insufficient color contrast of 1.98 (foreground color: #ffffff, background color: #25d36
/oferta/icar-super-v23-2026-355778/ | color-contrast ×1 | .aa-mcta--wa | Element has insufficient color contrast of 1.98 (foreground color: #ffffff, background color: #25d36
/oferta/leapmotor-c11-2024-424882/ | color-contrast ×1 | .aa-mcta--wa | Element has insufficient color contrast of 1.98 (foreground color: #ffffff, background color: #25d36
/oferta/li-auto-l6-2024-437611/ | color-contrast ×1 | .aa-mcta--wa | Element has insufficient color contrast of 1.98 (foreground color: #ffffff, background color: #25d36
/oferta/luxeed-r7-2026-422268/ | color-contrast ×1 | .aa-mcta--wa | Element has insufficient color contrast of 1.98 (foreground color: #ffffff, background color: #25d36
/oferta/nio-es6-2024-448893/ | color-contrast ×1 | .aa-mcta--wa | Element has insufficient color contrast of 1.98 (foreground color: #ffffff, background color: #25d36
/oferta/xiaomi-su7-2025-408328/ | color-contrast ×1 | .aa-mcta--wa | Element has insufficient color contrast of 1.98 (foreground color: #ffffff, background color: #25d36
/oferta/xiaomi-yu7-2026-436816/ | color-contrast ×1 | .aa-mcta--wa | Element has insufficient color contrast of 1.98 (foreground color: #ffffff, background color: #25d36
/oferta/xpeng-x9-2025-399051/ | color-contrast ×1 | .aa-mcta--wa | Element has insufficient color contrast of 1.98 (foreground color: #ffffff, background color: #25d36
/oferta/zeekr-007-gt-2025-404041/ | color-contrast ×1 | .aa-mcta--wa | Element has insufficient color contrast of 1.98 (foreground color: #ffffff, background color: #25d36
/wiki/catl/ | REFLOW sw=403
/wiki/chowane-klamki/ | REFLOW sw=338
/wiki/drzwi-skrzydlowe/ | REFLOW sw=427
/wiki/e-cvt/ | REFLOW sw=329
/wiki/elektryczny-hamulec-postojowy/ | REFLOW sw=340
/wiki/hamulce-tarczowe-wentylowane/ | REFLOW sw=437
/wiki/harman-kardon/ | REFLOW sw=370
/wiki/tryb-wartownika/ | REFLOW sw=349
/wiki/zawieszenie-cdc/ | REFLOW sw=464
/wiki/zlacze-gbt/ | REFLOW sw=364
